// Vitest Snapshot v1

exports[`Rank.jsx - data is present  > should render without any errors 1`] = `<DocumentFragment />`;
