// Vitest Snapshot v1

exports[`Rank.jsx - Error fetching fata  > should render without any errors 1`] = `
<DocumentFragment>
  <div
    class="MuiBox-root css-0"
  >
    <div
      class="MuiPaper-root MuiPaper-elevation MuiPaper-rounded MuiPaper-elevation0 MuiAlert-root MuiAlert-standardError MuiAlert-standard css-1hdyuqk-MuiPaper-root-MuiAlert-root"
      role="alert"
    >
      <div
        class="MuiAlert-icon css-1ytlwq5-MuiAlert-icon"
      >
        <svg
          aria-hidden="true"
          class="MuiSvgIcon-root MuiSvgIcon-fontSizeInherit css-1vooibu-MuiSvgIcon-root"
          data-testid="ErrorOutlineIcon"
          focusable="false"
          viewBox="0 0 24 24"
        >
          <path
            d="M11 15h2v2h-2zm0-8h2v6h-2zm.99-5C6.47 2 2 6.48 2 12s4.47 10 9.99 10C17.52 22 22 17.52 22 12S17.52 2 11.99 2zM12 20c-4.42 0-8-3.58-8-8s3.58-8 8-8 8 3.58 8 8-3.58 8-8 8z"
          />
        </svg>
      </div>
      <div
        class="MuiAlert-message css-1pxa9xg-MuiAlert-message"
      >
        Rank Error
      </div>
    </div>
  </div>
</DocumentFragment>
`;

exports[`Rank.jsx - data is loading  > should render without any errors 1`] = `
<DocumentFragment>
  <div
    class="MuiBox-root css-66s61j"
    data-testid="rankProgress"
  >
    <span
      class="MuiCircularProgress-root MuiCircularProgress-indeterminate MuiCircularProgress-colorPrimary css-osm0jy-MuiCircularProgress-root"
      role="progressbar"
      style="width: 40px; height: 40px;"
    >
      <svg
        class="MuiCircularProgress-svg css-1idz92c-MuiCircularProgress-svg"
        viewBox="22 22 44 44"
      >
        <circle
          class="MuiCircularProgress-circle MuiCircularProgress-circleIndeterminate css-176wh8e-MuiCircularProgress-circle"
          cx="44"
          cy="44"
          fill="none"
          r="20.2"
          stroke-width="3.6"
        />
      </svg>
    </span>
  </div>
</DocumentFragment>
`;

exports[`Rank.jsx - data is present  > should render without any errors 1`] = `
<DocumentFragment>
  <div
    class="MuiBox-root css-0"
  >
    <div
      class="MuiGrid-root MuiGrid-container css-sv021s-MuiGrid-root"
    >
      <div
        class="MuiGrid-root MuiGrid-item MuiGrid-grid-xs-5 css-k3f0g4-MuiGrid-root"
      >
        <p
          class="MuiTypography-root MuiTypography-body1 css-ahj2mt-MuiTypography-root"
        >
          rank.overall.label
        </p>
      </div>
      <div
        class="MuiGrid-root MuiGrid-item MuiGrid-grid-xs-7 css-uqwprf-MuiGrid-root"
      >
        <p
          class="MuiTypography-root MuiTypography-body1 css-ahj2mt-MuiTypography-root"
        >
          rank.overall.content
        </p>
      </div>
      <div
        class="MuiGrid-root MuiGrid-item MuiGrid-grid-xs-5 css-k3f0g4-MuiGrid-root"
      >
        <p
          class="MuiTypography-root MuiTypography-body1 css-ahj2mt-MuiTypography-root"
        >
          rank.zone.label
        </p>
      </div>
      <div
        class="MuiGrid-root MuiGrid-item MuiGrid-grid-xs-7 css-uqwprf-MuiGrid-root"
      >
        <p
          class="MuiTypography-root MuiTypography-body1 css-ahj2mt-MuiTypography-root"
        >
          rank.zone.content
        </p>
      </div>
      <div
        class="MuiGrid-root MuiGrid-item MuiGrid-grid-xs-5 css-k3f0g4-MuiGrid-root"
      >
        <p
          class="MuiTypography-root MuiTypography-body1 css-ahj2mt-MuiTypography-root"
        >
          rank.zoneCategory.label
        </p>
      </div>
      <div
        class="MuiGrid-root MuiGrid-item MuiGrid-grid-xs-7 css-uqwprf-MuiGrid-root"
      >
        <p
          class="MuiTypography-root MuiTypography-body1 css-ahj2mt-MuiTypography-root"
        >
          rank.zoneCategory.content
        </p>
      </div>
      <div
        class="MuiGrid-root MuiGrid-item MuiGrid-grid-xs-5 css-k3f0g4-MuiGrid-root"
      >
        <p
          class="MuiTypography-root MuiTypography-body1 css-ahj2mt-MuiTypography-root"
        >
          rank.zoneShift.label
        </p>
      </div>
      <div
        class="MuiGrid-root MuiGrid-item MuiGrid-grid-xs-7 css-uqwprf-MuiGrid-root"
      >
        <p
          class="MuiTypography-root MuiTypography-body1 css-ahj2mt-MuiTypography-root"
        >
          rank.zoneShift.content
        </p>
      </div>
      <div
        class="MuiGrid-root MuiGrid-item MuiGrid-grid-xs-5 css-k3f0g4-MuiGrid-root"
      >
        <p
          class="MuiTypography-root MuiTypography-body1 css-ahj2mt-MuiTypography-root"
        >
          rank.zoneShiftCategory.label
        </p>
      </div>
      <div
        class="MuiGrid-root MuiGrid-item MuiGrid-grid-xs-7 css-uqwprf-MuiGrid-root"
      >
        <p
          class="MuiTypography-root MuiTypography-body1 css-ahj2mt-MuiTypography-root"
        >
          rank.zoneShiftCategory.content
        </p>
      </div>
      <div
        class="MuiGrid-root MuiGrid-item MuiGrid-grid-xs-5 css-k3f0g4-MuiGrid-root"
      >
        <p
          class="MuiTypography-root MuiTypography-body1 css-ahj2mt-MuiTypography-root"
        >
          rank.rawMarks
        </p>
      </div>
      <div
        class="MuiGrid-root MuiGrid-item MuiGrid-grid-xs-7 css-uqwprf-MuiGrid-root"
      >
        <p
          class="MuiTypography-root MuiTypography-body1 css-ahj2mt-MuiTypography-root"
        >
          12.12
        </p>
      </div>
      <div
        class="MuiGrid-root MuiGrid-item MuiGrid-grid-xs-5 css-k3f0g4-MuiGrid-root"
      >
        <p
          class="MuiTypography-root MuiTypography-body1 css-ahj2mt-MuiTypography-root"
        >
          rank.zoneSelected
        </p>
      </div>
      <div
        class="MuiGrid-root MuiGrid-item MuiGrid-grid-xs-7 css-uqwprf-MuiGrid-root"
      >
        <p
          class="MuiTypography-root MuiTypography-body1 css-ahj2mt-MuiTypography-root"
        >
          test zone
        </p>
      </div>
    </div>
  </div>
</DocumentFragment>
`;
