// Vitest Snapshot v1

exports[`Dashboard.jsx > should render without any errors 1`] = `<DocumentFragment />`;
